#
# There is insufficient memory for the Java Runtime Environment to continue.
# Native memory allocation (mmap) failed to map 117440512 bytes. Error detail: G1 virtual space
# Possible reasons:
#   The system is out of physical RAM or swap space
#   This process is running with CompressedOops enabled, and the Java Heap may be blocking the growth of the native heap
# Possible solutions:
#   Reduce memory load on the system
#   Increase physical memory or swap space
#   Check if swap backing store is full
#   Decrease Java heap size (-Xmx/-Xms)
#   Decrease number of Java threads
#   Decrease Java thread stack sizes (-Xss)
#   Set larger code cache with -XX:ReservedCodeCacheSize=
#   JVM is running with Unscaled Compressed Oops mode in which the Java heap is
#     placed in the first 4GB address space. The Java Heap base address is the
#     maximum limit for the native heap growth. Please use -XX:HeapBaseMinAddress
#     to set the Java Heap base and to place the Java Heap above 4GB virtual address.
# This output file may be truncated or incomplete.
#
#  Out of Memory Error (os_windows.cpp:3631), pid=29204, tid=24564
#
# JRE version:  (22.0.1+8) (build )
# Java VM: Java HotSpot(TM) 64-Bit Server VM (22.0.1+8-16, mixed mode, sharing, tiered, compressed oops, compressed class ptrs, g1 gc, windows-amd64)
# No core dump will be written. Minidumps are not enabled by default on client versions of Windows
#

---------------  S U M M A R Y ------------

Command Line: -Dfile.encoding=UTF-8 View.Principal

Host: AMD Ryzen 7 3700U with Radeon Vega Mobile Gfx  , 8 cores, 6G,  Windows 11 , 64 bit Build 22621 (10.0.22621.3958)
Time: Fri Nov  1 16:32:47 2024 Hora est. Pacífico, Sudamérica elapsed time: 0.072270 seconds (0d 0h 0m 0s)

---------------  T H R E A D  ---------------

Current thread (0x000001ca0401b5d0):  JavaThread "Unknown thread" [_thread_in_vm, id=24564, stack(0x00000039d7100000,0x00000039d7200000) (1024K)]

Stack: [0x00000039d7100000,0x00000039d7200000]
Native frames: (J=compiled Java code, j=interpreted, Vv=VM code, C=native code)
V  [jvm.dll+0x6e2279]  (no source info available)
V  [jvm.dll+0x874e33]  (no source info available)
V  [jvm.dll+0x87725e]  (no source info available)
V  [jvm.dll+0x877933]  (no source info available)
V  [jvm.dll+0x27fd76]  (no source info available)
V  [jvm.dll+0x6de915]  (no source info available)
V  [jvm.dll+0x6d341a]  (no source info available)
V  [jvm.dll+0x3589da]  (no source info available)
V  [jvm.dll+0x360f06]  (no source info available)
V  [jvm.dll+0x3b3e2e]  (no source info available)
V  [jvm.dll+0x3b40d8]  (no source info available)
V  [jvm.dll+0x32c59c]  (no source info available)
V  [jvm.dll+0x32d158]  (no source info available)
V  [jvm.dll+0x83ccdc]  (no source info available)
V  [jvm.dll+0x3c0d71]  (no source info available)
V  [jvm.dll+0x825ccc]  (no source info available)
V  [jvm.dll+0x45b8fe]  (no source info available)
V  [jvm.dll+0x45d781]  (no source info available)
C  [jli.dll+0x52a3]  (no source info available)
C  [ucrtbase.dll+0x29333]  (no source info available)
C  [KERNEL32.DLL+0x1257d]  (no source info available)
C  [ntdll.dll+0x5af08]  (no source info available)


---------------  P R O C E S S  ---------------

Threads class SMR info:
_java_thread_list=0x00007ffcdb48b1c8, length=0, elements={
}

Java Threads: ( => current thread )
Total: 0

Other Threads:
  0x000001ca0623a6d0 WorkerThread "GC Thread#0"                     [id=9424, stack(0x00000039d7200000,0x00000039d7300000) (1024K)]
  0x000001ca062492d0 ConcurrentGCThread "G1 Main Marker"            [id=31472, stack(0x00000039d7300000,0x00000039d7400000) (1024K)]
  0x000001ca0624a400 WorkerThread "G1 Conc#0"                       [id=15640, stack(0x00000039d7400000,0x00000039d7500000) (1024K)]

[error occurred during error reporting (printing all threads), id 0xc0000005, EXCEPTION_ACCESS_VIOLATION (0xc0000005) at pc=0x00007ffcdabdf367]
VM state: not at safepoint (not fully initialized)

VM Mutex/Monitor currently owned by a thread:  ([mutex/lock_event])
[0x00007ffcdb50bcb8] Heap_lock - owner thread: 0x000001ca0401b5d0

Heap address: 0x0000000091000000, size: 1776 MB, Compressed Oops mode: 32-bit

CDS archive(s) mapped at: [0x0000000000000000-0x0000000000000000-0x0000000000000000), size 0, SharedBaseAddress: 0x0000000800000000, ArchiveRelocationMode: 1.
Narrow klass base: 0x0000000000000000, Narrow klass shift: 0, Narrow klass range: 0x0

GC Precious Log:
 CardTable entry size: 512
 Card Set container configuration: InlinePtr #cards 5 size 8 Array Of Cards #cards 12 size 40 Howl #buckets 4 coarsen threshold 1843 Howl Bitmap #cards 512 size 80 coarsen threshold 460 Card regions per heap region 1 cards per card region 2048

Heap:
 garbage-first heap   total reserved 1818624K, committed 0K, used 0K [0x0000000091000000, 0x0000000100000000)
  region size 1024K, 0 young (0K), 0 survivors (0K)

[error occurred during error reporting (printing heap information), id 0xc0000005, EXCEPTION_ACCESS_VIOLATION (0xc0000005) at pc=0x00007ffcdafde429]
GC Heap History (0 events):
No events

Dll operation events (1 events):
Event: 0.034 Loaded shared library C:\Program Files\Java\jdk-22\bin\java.dll

Deoptimization events (0 events):
No events

Classes loaded (0 events):
No events

Classes unloaded (0 events):
No events

Classes redefined (0 events):
No events

Internal exceptions (0 events):
No events

ZGC Phase Switch (0 events):
No events

VM Operations (0 events):
No events

Events (0 events):
No events


Dynamic libraries:
0x00007ff7fa110000 - 0x00007ff7fa120000 	C:\Program Files\Java\jdk-22\bin\java.exe
0x00007ffd55950000 - 0x00007ffd55b67000 	C:\Windows\SYSTEM32\ntdll.dll
0x00007ffd55070000 - 0x00007ffd55134000 	C:\Windows\System32\KERNEL32.DLL
0x00007ffd53000000 - 0x00007ffd533b7000 	C:\Windows\System32\KERNELBASE.dll
0x00007ffd52cd0000 - 0x00007ffd52de1000 	C:\Windows\System32\ucrtbase.dll
0x00007ffd4d1e0000 - 0x00007ffd4d1fb000 	C:\Program Files\Java\jdk-22\bin\VCRUNTIME140.dll
0x00007ffd42350000 - 0x00007ffd42367000 	C:\Program Files\Java\jdk-22\bin\jli.dll
0x00007ffd538c0000 - 0x00007ffd53972000 	C:\Windows\System32\ADVAPI32.dll
0x00007ffd539d0000 - 0x00007ffd53a77000 	C:\Windows\System32\msvcrt.dll
0x00007ffd55730000 - 0x00007ffd557d8000 	C:\Windows\System32\sechost.dll
0x00007ffd533c0000 - 0x00007ffd533e8000 	C:\Windows\System32\bcrypt.dll
0x00007ffd53730000 - 0x00007ffd53844000 	C:\Windows\System32\RPCRT4.dll
0x00007ffd542d0000 - 0x00007ffd5447f000 	C:\Windows\System32\USER32.dll
0x00007ffd53470000 - 0x00007ffd53496000 	C:\Windows\System32\win32u.dll
0x00007ffd33cc0000 - 0x00007ffd33f53000 	C:\Windows\WinSxS\amd64_microsoft.windows.common-controls_6595b64144ccf1df_6.0.22621.3672_none_2713b9d173822955\COMCTL32.dll
0x00007ffd557e0000 - 0x00007ffd55809000 	C:\Windows\System32\GDI32.dll
0x00007ffd534a0000 - 0x00007ffd535b8000 	C:\Windows\System32\gdi32full.dll
0x00007ffd52df0000 - 0x00007ffd52e8a000 	C:\Windows\System32\msvcp_win.dll
0x00007ffd4a050000 - 0x00007ffd4a05a000 	C:\Windows\SYSTEM32\VERSION.dll
0x00007ffd55140000 - 0x00007ffd55171000 	C:\Windows\System32\IMM32.DLL
0x00007ffd4d2f0000 - 0x00007ffd4d2fc000 	C:\Program Files\Java\jdk-22\bin\vcruntime140_1.dll
0x00007ffd1bff0000 - 0x00007ffd1c07e000 	C:\Program Files\Java\jdk-22\bin\msvcp140.dll
0x00007ffcda8a0000 - 0x00007ffcdb5e7000 	C:\Program Files\Java\jdk-22\bin\server\jvm.dll
0x00007ffd54250000 - 0x00007ffd542c1000 	C:\Windows\System32\WS2_32.dll
0x00007ffd52b30000 - 0x00007ffd52b7d000 	C:\Windows\SYSTEM32\POWRPROF.dll
0x00007ffd4ed60000 - 0x00007ffd4ed94000 	C:\Windows\SYSTEM32\WINMM.dll
0x00007ffd52b10000 - 0x00007ffd52b23000 	C:\Windows\SYSTEM32\UMPDC.dll
0x00007ffd51c10000 - 0x00007ffd51c28000 	C:\Windows\SYSTEM32\kernel.appcore.dll
0x00007ffd4a8c0000 - 0x00007ffd4a8ca000 	C:\Program Files\Java\jdk-22\bin\jimage.dll
0x00007ffd502b0000 - 0x00007ffd504e2000 	C:\Windows\SYSTEM32\DBGHELP.DLL
0x00007ffd55310000 - 0x00007ffd5569e000 	C:\Windows\System32\combase.dll
0x00007ffd54f90000 - 0x00007ffd55067000 	C:\Windows\System32\OLEAUT32.dll
0x00007ffd3b670000 - 0x00007ffd3b6a2000 	C:\Windows\SYSTEM32\dbgcore.DLL
0x00007ffd533f0000 - 0x00007ffd5346b000 	C:\Windows\System32\bcryptPrimitives.dll
0x00007ffd42690000 - 0x00007ffd426ae000 	C:\Program Files\Java\jdk-22\bin\java.dll
0x00007ffd54690000 - 0x00007ffd54ef9000 	C:\Windows\System32\SHELL32.dll
0x00007ffd54480000 - 0x00007ffd54625000 	C:\Windows\System32\ole32.dll

dbghelp: loaded successfully - version: 4.0.5 - missing functions: none
symbol engine: initialized successfully - sym options: 0x614 - pdb path: .;C:\Program Files\Java\jdk-22\bin;C:\Windows\SYSTEM32;C:\Windows\WinSxS\amd64_microsoft.windows.common-controls_6595b64144ccf1df_6.0.22621.3672_none_2713b9d173822955;C:\Program Files\Java\jdk-22\bin\server

VM Arguments:
jvm_args: -Dfile.encoding=UTF-8 
java_command: View.Principal
java_class_path (initial): C:\Users\brigi\OneDrive\Escritorio\PROYECTODEPROGRAMAPLICADA\mysql-connector-j-9.1.0\mysql-connector-j-9.1.0.jar;C:\Users\brigi\OneDrive\Escritorio\OrdenandingProyecto\ProyectoAsistenciaUNFV\ProyectoAsistencia\build\classes
Launcher Type: SUN_STANDARD

[Global flags]
     intx CICompilerCount                          = 4                                         {product} {ergonomic}
     uint ConcGCThreads                            = 2                                         {product} {ergonomic}
     uint G1ConcRefinementThreads                  = 8                                         {product} {ergonomic}
   size_t G1HeapRegionSize                         = 1048576                                   {product} {ergonomic}
   size_t InitialHeapSize                          = 117440512                                 {product} {ergonomic}
   size_t MarkStackSize                            = 4194304                                   {product} {ergonomic}
   size_t MaxHeapSize                              = 1862270976                                {product} {ergonomic}
   size_t MinHeapDeltaBytes                        = 1048576                                   {product} {ergonomic}
   size_t MinHeapSize                              = 8388608                                   {product} {ergonomic}
    uintx NonNMethodCodeHeapSize                   = 5839372                                {pd product} {ergonomic}
    uintx NonProfiledCodeHeapSize                  = 122909434                              {pd product} {ergonomic}
    uintx ProfiledCodeHeapSize                     = 122909434                              {pd product} {ergonomic}
    uintx ReservedCodeCacheSize                    = 251658240                              {pd product} {ergonomic}
     bool SegmentedCodeCache                       = true                                      {product} {ergonomic}
   size_t SoftMaxHeapSize                          = 1862270976                             {manageable} {ergonomic}
     bool UseCompressedOops                        = true                           {product lp64_product} {ergonomic}
     bool UseG1GC                                  = true                                      {product} {ergonomic}
     bool UseLargePagesIndividualAllocation        = false                                  {pd product} {ergonomic}

Logging:
Log output configuration:
 #0: stdout all=warning uptime,level,tags foldmultilines=false
 #1: stderr all=off uptime,level,tags foldmultilines=false

Environment Variables:
PATH=C:\Program Files\Common Files\Oracle\Java\javapath;C:\Program Files\Eclipse Adoptium\jdk-8.0.412.8-hotspot\bin;C:\Program Files\Eclipse Adoptium\jdk-11.0.23.9-hotspot\bin;C:\Windows\system32;C:\Windows;C:\Windows\System32\Wbem;C:\Windows\System32\WindowsPowerShell\v1.0\;C:\Windows\System32\OpenSSH\;C:\Program Files\Git\cmd;C:\Program Files\nodejs\;C:\Program Files\PowerShell\7\;C:\ProgramData\chocolatey\bin;C:\Program Files\dotnet\;C:\Users\brigi\AppData\Local\Programs\Python\Python312\Scripts\;C:\Users\brigi\AppData\Local\Programs\Python\Python312\;C:\Users\brigi\AppData\Local\Programs\Python\Launcher\;C:\Users\brigi\AppData\Local\Microsoft\WindowsApps;C:\Users\brigi\AppData\Roaming\Microsoft\Windows\Start Menu\Programs;C:\Users\brigi\AppData\Roaming\Microsoft\Windows\Start Menu\Programs\Python 3.12;C:\Users\brigi\AppData\Local\Programs\Microsoft VS Code\bin;C:\Users\brigi\AppData\Roaming\npm;C:\Program Files\MySQL\MySQL Server 8.0\bin;C:\Users\brigi\.dotnet\tools;D:\PyCharm 2024.2.1\bin;
USERNAME=brigi
OS=Windows_NT
PROCESSOR_IDENTIFIER=AMD64 Family 23 Model 24 Stepping 1, AuthenticAMD
TMP=C:\Users\brigi\AppData\Local\Temp
TEMP=C:\Users\brigi\AppData\Local\Temp




Periodic native trim disabled

---------------  S Y S T E M  ---------------

OS:
 Windows 11 , 64 bit Build 22621 (10.0.22621.3958)
OS uptime: 13 days 8:29 hours
Hyper-V role detected

CPU: total 8 (initial active 8) (8 cores per cpu, 2 threads per core) family 23 model 24 stepping 1 microcode 0x0, cx8, cmov, fxsr, ht, mmx, 3dnowpref, sse, sse2, sse3, ssse3, sse4a, sse4.1, sse4.2, popcnt, lzcnt, tsc, tscinvbit, avx, avx2, aes, clmul, bmi1, bmi2, adx, sha, fma, vzeroupper, clflush, clflushopt, hv, rdtscp, f16c
Processor Information for all 8 processors :
  Max Mhz: 2300, Current Mhz: 2300, Mhz Limit: 2300

Memory: 4k page, system-wide physical 7103M (448M free)
TotalPageFile size 28607M (AvailPageFile size 100M)
current process WorkingSet (physical memory assigned to process): 12M, peak: 12M
current process commit charge ("private bytes"): 60M, peak: 172M

vm_info: Java HotSpot(TM) 64-Bit Server VM (22.0.1+8-16) for windows-amd64 JRE (22.0.1+8-16), built on 2024-03-12T10:33:16Z by "mach5one" with MS VC++ 17.6 (VS2022)

END.
