#
# There is insufficient memory for the Java Runtime Environment to continue.
# Native memory allocation (malloc) failed to allocate 1446416 bytes. Error detail: Chunk::new
# Possible reasons:
#   The system is out of physical RAM or swap space
#   This process is running with CompressedOops enabled, and the Java Heap may be blocking the growth of the native heap
# Possible solutions:
#   Reduce memory load on the system
#   Increase physical memory or swap space
#   Check if swap backing store is full
#   Decrease Java heap size (-Xmx/-Xms)
#   Decrease number of Java threads
#   Decrease Java thread stack sizes (-Xss)
#   Set larger code cache with -XX:ReservedCodeCacheSize=
#   JVM is running with Unscaled Compressed Oops mode in which the Java heap is
#     placed in the first 4GB address space. The Java Heap base address is the
#     maximum limit for the native heap growth. Please use -XX:HeapBaseMinAddress
#     to set the Java Heap base and to place the Java Heap above 4GB virtual address.
# This output file may be truncated or incomplete.
#
#  Out of Memory Error (arena.cpp:150), pid=9224, tid=20156
#
# JRE version: Java(TM) SE Runtime Environment (22.0.1+8) (build 22.0.1+8-16)
# Java VM: Java HotSpot(TM) 64-Bit Server VM (22.0.1+8-16, mixed mode, sharing, tiered, compressed oops, compressed class ptrs, g1 gc, windows-amd64)
# No core dump will be written. Minidumps are not enabled by default on client versions of Windows
#

---------------  S U M M A R Y ------------

Command Line: -Dapplication.home=C:\Program Files\Java\jdk-22 --add-modules=ALL-DEFAULT -Xms8m -Djdk.module.main=jdk.compiler jdk.compiler/com.sun.tools.javac.Main -d C:\Users\brigi\OneDrive\Escritorio\OrdenandingProyecto\ProyectoAsistenciaUNFV\ProyectoAsistencia\build\classes -classpath C:\Users\brigi\OneDrive\Escritorio\OrdenandingProyecto\ProyectoAsistenciaUNFV\ProyectoAsistencia\build\classes;C:\Users\brigi\OneDrive\Escritorio\PROYECTODEPROGRAMAPLICADA\mysql-connector-j-9.1.0\mysql-connector-j-9.1.0.jar -sourcepath C:\Users\brigi\OneDrive\Escritorio\OrdenandingProyecto\ProyectoAsistenciaUNFV\ProyectoAsistencia\src -target 22 -encoding UTF-8 -g -Xlint:unchecked -processorpath C:\Users\brigi\OneDrive\Escritorio\PROYECTODEPROGRAMAPLICADA\mysql-connector-j-9.1.0\mysql-connector-j-9.1.0.jar;C:\Users\brigi\OneDrive\Escritorio\OrdenandingProyecto\ProyectoAsistenciaUNFV\ProyectoAsistencia\build\empty -s C:\Users\brigi\OneDrive\Escritorio\OrdenandingProyecto\ProyectoAsistenciaUNFV\ProyectoAsistencia\build\generated-sources\ap-source-output -source 22 C:\Users\brigi\OneDrive\Escritorio\OrdenandingProyecto\ProyectoAsistenciaUNFV\ProyectoAsistencia\src\View\Ventana01RegsitrosDeUsuarios.java

Host: AMD Ryzen 7 3700U with Radeon Vega Mobile Gfx  , 8 cores, 6G,  Windows 11 , 64 bit Build 22621 (10.0.22621.3958)
Time: Fri Nov  1 16:34:24 2024 Hora est. Pacífico, Sudamérica elapsed time: 2.086094 seconds (0d 0h 0m 2s)

---------------  T H R E A D  ---------------

Current thread (0x000001c206bcd6e0):  JavaThread "C2 CompilerThread1" daemon [_thread_in_native, id=20156, stack(0x0000008b7ea00000,0x0000008b7eb00000) (1024K)]


Current CompileTask:
C2:2086 1396       4       jdk.internal.jimage.ImageLocation::getFullName (109 bytes)

Stack: [0x0000008b7ea00000,0x0000008b7eb00000]
Native frames: (J=compiled Java code, j=interpreted, Vv=VM code, C=native code)
V  [jvm.dll+0x6e2279]  (no source info available)
V  [jvm.dll+0x874e33]  (no source info available)
V  [jvm.dll+0x87725e]  (no source info available)
V  [jvm.dll+0x877933]  (no source info available)
V  [jvm.dll+0x27fd76]  (no source info available)
V  [jvm.dll+0xc3d0f]  (no source info available)
V  [jvm.dll+0xc3f6b]  (no source info available)
V  [jvm.dll+0x3bb0d2]  (no source info available)
V  [jvm.dll+0x387b6b]  (no source info available)
V  [jvm.dll+0x386fda]  (no source info available)
V  [jvm.dll+0x247918]  (no source info available)
V  [jvm.dll+0x246fbf]  (no source info available)
V  [jvm.dll+0x1c4e90]  (no source info available)
V  [jvm.dll+0x2569fe]  (no source info available)
V  [jvm.dll+0x254cba]  (no source info available)
V  [jvm.dll+0x3f5336]  (no source info available)
V  [jvm.dll+0x81d44b]  (no source info available)
V  [jvm.dll+0x6e0915]  (no source info available)
C  [ucrtbase.dll+0x29333]  (no source info available)
C  [KERNEL32.DLL+0x1257d]  (no source info available)
C  [ntdll.dll+0x5af08]  (no source info available)


---------------  P R O C E S S  ---------------

Threads class SMR info:
_java_thread_list=0x000001c2075c6970, length=12, elements={
0x000001c1a26ba5a0, 0x000001c1c0b91540, 0x000001c1c0b92360, 0x000001c1c0b97120,
0x000001c1c0b9b0e0, 0x000001c1c0b995b0, 0x000001c1c0b9bb40, 0x000001c1c0ba28e0,
0x000001c1c0ba74b0, 0x000001c206031630, 0x000001c20613c2f0, 0x000001c206bcd6e0
}

Java Threads: ( => current thread )
  0x000001c1a26ba5a0 JavaThread "main"                              [_thread_in_Java, id=24360, stack(0x0000008b7d200000,0x0000008b7d300000) (1024K)]
  0x000001c1c0b91540 JavaThread "Reference Handler"          daemon [_thread_blocked, id=30852, stack(0x0000008b7da00000,0x0000008b7db00000) (1024K)]
  0x000001c1c0b92360 JavaThread "Finalizer"                  daemon [_thread_blocked, id=23412, stack(0x0000008b7db00000,0x0000008b7dc00000) (1024K)]
  0x000001c1c0b97120 JavaThread "Signal Dispatcher"          daemon [_thread_blocked, id=26496, stack(0x0000008b7dc00000,0x0000008b7dd00000) (1024K)]
  0x000001c1c0b9b0e0 JavaThread "Attach Listener"            daemon [_thread_blocked, id=13720, stack(0x0000008b7dd00000,0x0000008b7de00000) (1024K)]
  0x000001c1c0b995b0 JavaThread "Service Thread"             daemon [_thread_blocked, id=4888, stack(0x0000008b7de00000,0x0000008b7df00000) (1024K)]
  0x000001c1c0b9bb40 JavaThread "Monitor Deflation Thread"   daemon [_thread_blocked, id=23120, stack(0x0000008b7df00000,0x0000008b7e000000) (1024K)]
  0x000001c1c0ba28e0 JavaThread "C2 CompilerThread0"         daemon [_thread_in_native, id=18412, stack(0x0000008b7e000000,0x0000008b7e100000) (1024K)]
  0x000001c1c0ba74b0 JavaThread "C1 CompilerThread0"         daemon [_thread_in_vm, id=2652, stack(0x0000008b7e100000,0x0000008b7e200000) (1024K)]
  0x000001c206031630 JavaThread "Common-Cleaner"             daemon [_thread_blocked, id=29348, stack(0x0000008b7e200000,0x0000008b7e300000) (1024K)]
  0x000001c20613c2f0 JavaThread "Notification Thread"        daemon [_thread_blocked, id=24364, stack(0x0000008b7e300000,0x0000008b7e400000) (1024K)]
=>0x000001c206bcd6e0 JavaThread "C2 CompilerThread1"         daemon [_thread_in_native, id=20156, stack(0x0000008b7ea00000,0x0000008b7eb00000) (1024K)]
Total: 12

Other Threads:
  0x000001c1a4953100 VMThread "VM Thread"                           [id=18792, stack(0x0000008b7d900000,0x0000008b7da00000) (1024K)]
  0x000001c1c0b7c0d0 WatcherThread "VM Periodic Task Thread"        [id=6068, stack(0x0000008b7d800000,0x0000008b7d900000) (1024K)]
  0x000001c1a48ea860 WorkerThread "GC Thread#0"                     [id=13032, stack(0x0000008b7d300000,0x0000008b7d400000) (1024K)]
  0x000001c206431e60 WorkerThread "GC Thread#1"                     [id=22356, stack(0x0000008b7e400000,0x0000008b7e500000) (1024K)]
  0x000001c2064ac750 WorkerThread "GC Thread#2"                     [id=14928, stack(0x0000008b7e500000,0x0000008b7e600000) (1024K)]
  0x000001c2064acb00 WorkerThread "GC Thread#3"                     [id=17140, stack(0x0000008b7e600000,0x0000008b7e700000) (1024K)]
  0x000001c2064aceb0 WorkerThread "GC Thread#4"                     [id=19692, stack(0x0000008b7e700000,0x0000008b7e800000) (1024K)]
  0x000001c2065e4cc0 WorkerThread "GC Thread#5"                     [id=18780, stack(0x0000008b7e800000,0x0000008b7e900000) (1024K)]
  0x000001c206bf9b40 WorkerThread "GC Thread#6"                     [id=31592, stack(0x0000008b7e900000,0x0000008b7ea00000) (1024K)]
  0x000001c1a48f9710 ConcurrentGCThread "G1 Main Marker"            [id=30348, stack(0x0000008b7d400000,0x0000008b7d500000) (1024K)]
  0x000001c1a48fa8d0 WorkerThread "G1 Conc#0"                       [id=26900, stack(0x0000008b7d500000,0x0000008b7d600000) (1024K)]
  0x000001c206f37c50 WorkerThread "G1 Conc#1"                       [id=14504, stack(0x0000008b7eb00000,0x0000008b7ec00000) (1024K)]
  0x000001c1a49299a0 ConcurrentGCThread "G1 Refine#0"               [id=30760, stack(0x0000008b7d600000,0x0000008b7d700000) (1024K)]
  0x000001c1a492b440 ConcurrentGCThread "G1 Service"                [id=24808, stack(0x0000008b7d700000,0x0000008b7d800000) (1024K)]
Total: 14

Threads with active compile tasks:
C2 CompilerThread0  2275 1616   !   4       com.sun.tools.javac.jvm.ClassReader::classSigToType (482 bytes)
C1 CompilerThread0  2276 1660       3       com.sun.tools.javac.comp.MatchBindingsComputer::finishBindings (62 bytes)
C2 CompilerThread1  2277 1396       4       jdk.internal.jimage.ImageLocation::getFullName (109 bytes)
Total: 3

VM state: not at safepoint (normal execution)

VM Mutex/Monitor currently owned by a thread: None

Heap address: 0x0000000091000000, size: 1776 MB, Compressed Oops mode: 32-bit

CDS archive(s) mapped at: [0x000001c1c1000000-0x000001c1c1c60000-0x000001c1c1c60000), size 12976128, SharedBaseAddress: 0x000001c1c1000000, ArchiveRelocationMode: 1.
Compressed class space mapped at: 0x000001c1c2000000-0x000001c202000000, reserved size: 1073741824
Narrow klass base: 0x000001c1c1000000, Narrow klass shift: 0, Narrow klass range: 0x41000000

GC Precious Log:
 CardTable entry size: 512
 Card Set container configuration: InlinePtr #cards 5 size 8 Array Of Cards #cards 12 size 40 Howl #buckets 4 coarsen threshold 1843 Howl Bitmap #cards 512 size 80 coarsen threshold 460 Card regions per heap region 1 cards per card region 2048
 CPUs: 8 total, 8 available
 Memory: 7103M
 Large Page Support: Disabled
 NUMA Support: Disabled
 Compressed Oops: Enabled (32-bit)
 Heap Region Size: 1M
 Heap Min Capacity: 8M
 Heap Initial Capacity: 8M
 Heap Max Capacity: 1776M
 Pre-touch: Disabled
 Parallel Workers: 8
 Concurrent Workers: 2
 Concurrent Refinement Workers: 8
 Periodic GC: Disabled

Heap:
 garbage-first heap   total reserved 1818624K, committed 20480K, used 10980K [0x0000000091000000, 0x0000000100000000)
  region size 1024K, 5 young (5120K), 2 survivors (2048K)
 Metaspace       used 9523K, committed 9728K, reserved 1114112K
  class space    used 1094K, committed 1216K, reserved 1048576K

Heap Regions: E=young(eden), S=young(survivor), O=old, HS=humongous(starts), HC=humongous(continues), CS=collection set, F=free, TAMS=top-at-mark-start, PB=parsable bottom
|   0|0x0000000091000000, 0x0000000091100000, 0x0000000091100000|100%| O|  |TAMS 0x0000000091000000| PB 0x0000000091000000| Untracked |  0
|   1|0x0000000091100000, 0x0000000091200000, 0x0000000091200000|100%| O|  |TAMS 0x0000000091100000| PB 0x0000000091100000| Untracked |  0
|   2|0x0000000091200000, 0x0000000091300000, 0x0000000091300000|100%| O|  |TAMS 0x0000000091200000| PB 0x0000000091200000| Untracked |  0
|   3|0x0000000091300000, 0x0000000091400000, 0x0000000091400000|100%| O|  |TAMS 0x0000000091300000| PB 0x0000000091300000| Untracked |  0
|   4|0x0000000091400000, 0x00000000914fdc80, 0x0000000091500000| 99%| O|  |TAMS 0x0000000091400000| PB 0x0000000091400000| Untracked |  0
|   5|0x0000000091500000, 0x0000000091600000, 0x0000000091600000|100%| O|  |TAMS 0x0000000091500000| PB 0x0000000091500000| Untracked |  0
|   6|0x0000000091600000, 0x00000000916e4790, 0x0000000091700000| 89%| O|  |TAMS 0x0000000091600000| PB 0x0000000091600000| Untracked |  0
|   7|0x0000000091700000, 0x0000000091700000, 0x0000000091800000|  0%| F|  |TAMS 0x0000000091700000| PB 0x0000000091700000| Untracked |  0
|   8|0x0000000091800000, 0x00000000918d6f80, 0x0000000091900000| 83%| S|CS|TAMS 0x0000000091800000| PB 0x0000000091800000| Complete |  0
|   9|0x0000000091900000, 0x0000000091900000, 0x0000000091a00000|  0%| F|  |TAMS 0x0000000091900000| PB 0x0000000091900000| Untracked |  0
|  10|0x0000000091a00000, 0x0000000091a00000, 0x0000000091b00000|  0%| F|  |TAMS 0x0000000091a00000| PB 0x0000000091a00000| Untracked |  0
|  11|0x0000000091b00000, 0x0000000091c00000, 0x0000000091c00000|100%| S|CS|TAMS 0x0000000091b00000| PB 0x0000000091b00000| Complete |  0
|  12|0x0000000091c00000, 0x0000000091c00000, 0x0000000091d00000|  0%| F|  |TAMS 0x0000000091c00000| PB 0x0000000091c00000| Untracked |  0
|  13|0x0000000091d00000, 0x0000000091d00000, 0x0000000091e00000|  0%| F|  |TAMS 0x0000000091d00000| PB 0x0000000091d00000| Untracked |  0
|  14|0x0000000091e00000, 0x0000000091e00000, 0x0000000091f00000|  0%| F|  |TAMS 0x0000000091e00000| PB 0x0000000091e00000| Untracked |  0
|  15|0x0000000091f00000, 0x0000000091f00000, 0x0000000092000000|  0%| F|  |TAMS 0x0000000091f00000| PB 0x0000000091f00000| Untracked |  0
|  16|0x0000000092000000, 0x0000000092000000, 0x0000000092100000|  0%| F|  |TAMS 0x0000000092000000| PB 0x0000000092000000| Untracked |  0
|  17|0x0000000092100000, 0x00000000921f26d8, 0x0000000092200000| 94%| E|  |TAMS 0x0000000092100000| PB 0x0000000092100000| Complete |  0
|  18|0x0000000092200000, 0x0000000092300000, 0x0000000092300000|100%| E|CS|TAMS 0x0000000092200000| PB 0x0000000092200000| Complete |  0
|  19|0x0000000092300000, 0x0000000092400000, 0x0000000092400000|100%| E|CS|TAMS 0x0000000092300000| PB 0x0000000092300000| Complete |  0

Card table byte_map: [0x000001c1bc290000,0x000001c1bc610000] _byte_map_base: 0x000001c1bbe08000

Marking Bits: (CMBitMap*) 0x000001c1a48eae80
 Bits: [0x000001c1bc610000, 0x000001c1be1d0000)

Polling page: 0x000001c1a2880000

Metaspace:

Usage:
  Non-class:      8.24 MB used.
      Class:      1.07 MB used.
       Both:      9.31 MB used.

Virtual space:
  Non-class space:       64.00 MB reserved,       8.31 MB ( 13%) committed,  1 nodes.
      Class space:        1.00 GB reserved,       1.19 MB ( <1%) committed,  1 nodes.
             Both:        1.06 GB reserved,       9.50 MB ( <1%) committed. 

Chunk freelists:
   Non-Class:  5.70 MB
       Class:  14.84 MB
        Both:  20.55 MB

MaxMetaspaceSize: unlimited
CompressedClassSpaceSize: 1.00 GB
Initial GC threshold: 21.00 MB
Current GC threshold: 21.00 MB
CDS: on
 - commit_granule_bytes: 65536.
 - commit_granule_words: 8192.
 - virtual_space_node_default_size: 8388608.
 - enlarge_chunks_in_place: 1.
 - use_allocation_guard: 0.


Internal statistics:

num_allocs_failed_limit: 0.
num_arena_births: 70.
num_arena_deaths: 0.
num_vsnodes_births: 2.
num_vsnodes_deaths: 0.
num_space_committed: 152.
num_space_uncommitted: 0.
num_chunks_returned_to_freelist: 0.
num_chunks_taken_from_freelist: 378.
num_chunk_merges: 0.
num_chunk_splits: 275.
num_chunks_enlarged: 216.
num_inconsistent_stats: 0.

CodeHeap 'non-profiled nmethods': size=120000Kb used=475Kb max_used=475Kb free=119524Kb
 bounds [0x000001c1b46b0000, 0x000001c1b4920000, 0x000001c1bbbe0000]
CodeHeap 'profiled nmethods': size=120000Kb used=2920Kb max_used=2920Kb free=117079Kb
 bounds [0x000001c1acbe0000, 0x000001c1acec0000, 0x000001c1b4110000]
CodeHeap 'non-nmethods': size=5760Kb used=1386Kb max_used=1410Kb free=4373Kb
 bounds [0x000001c1b4110000, 0x000001c1b4380000, 0x000001c1b46b0000]
 total_blobs=2009 nmethods=1530 adapters=383
 compilation: enabled
              stopped_count=0, restarted_count=0
 full_count=0

Compilation events (20 events):
Event: 2.076 Thread 0x000001c1c0ba74b0 nmethod 1485 0x000001c1ace53f10 code [0x000001c1ace540c0, 0x000001c1ace54320]
Event: 2.076 Thread 0x000001c1c0ba74b0 1483       3       com.sun.tools.javac.util.List::reverse (55 bytes)
Event: 2.077 Thread 0x000001c1c0ba74b0 nmethod 1483 0x000001c1ace54410 code [0x000001c1ace54620, 0x000001c1ace54dc8]
Event: 2.077 Thread 0x000001c1c0ba74b0 1486       3       com.sun.tools.javac.jvm.ClassReader::enterMember (41 bytes)
Event: 2.077 Thread 0x000001c1c0ba74b0 nmethod 1486 0x000001c1ace55010 code [0x000001c1ace551e0, 0x000001c1ace55630]
Event: 2.077 Thread 0x000001c1c0ba74b0 1484       3       com.sun.tools.javac.code.Type$MethodType::getTag (4 bytes)
Event: 2.078 Thread 0x000001c1c0ba74b0 nmethod 1484 0x000001c1ace55890 code [0x000001c1ace55a20, 0x000001c1ace55b38]
Event: 2.078 Thread 0x000001c1c0ba74b0 1487       3       com.sun.tools.javac.jvm.ClassReader::readMemberAttrs (9 bytes)
Event: 2.079 Thread 0x000001c1c0ba74b0 nmethod 1487 0x000001c1ace55c10 code [0x000001c1ace55dc0, 0x000001c1ace55f10]
Event: 2.079 Thread 0x000001c1c0ba74b0 1482       1       com.sun.tools.javac.code.Symbol$ClassSymbol::flatName (5 bytes)
Event: 2.079 Thread 0x000001c1c0ba74b0 nmethod 1482 0x000001c1b471cf10 code [0x000001c1b471d0a0, 0x000001c1b471d168]
Event: 2.079 Thread 0x000001c1c0ba74b0 1491       3       com.sun.tools.javac.jvm.ClassReader::readAttrs (92 bytes)
Event: 2.080 Thread 0x000001c1c0ba74b0 nmethod 1491 0x000001c1ace56010 code [0x000001c1ace56240, 0x000001c1ace56a50]
Event: 2.080 Thread 0x000001c1c0ba74b0 1490       3       com.sun.tools.javac.code.Symbol$ClassSymbol::erasure (45 bytes)
Event: 2.081 Thread 0x000001c1c0ba74b0 nmethod 1490 0x000001c1ace56d10 code [0x000001c1ace56f60, 0x000001c1ace57a30]
Event: 2.082 Thread 0x000001c1c0ba74b0 1481       3       jdk.internal.org.objectweb.asm.ByteVector::<init> (13 bytes)
Event: 2.082 Thread 0x000001c1c0ba74b0 nmethod 1481 0x000001c1ace57e10 code [0x000001c1ace57fc0, 0x000001c1ace58220]
Event: 2.082 Thread 0x000001c1c0ba74b0 1480       3       java.lang.invoke.MethodHandles$Lookup::<init> (84 bytes)
Event: 2.082 Thread 0x000001c1c0ba74b0 nmethod 1480 0x000001c1ace58310 code [0x000001c1ace584c0, 0x000001c1ace58708]
Event: 2.082 Thread 0x000001c1c0ba74b0 1492       3       com.sun.tools.javac.code.Symbol$MethodSymbol::<init> (85 bytes)

GC Heap History (20 events):
Event: 0.653 GC heap before
{Heap before GC invocations=0 (full 0):
 garbage-first heap   total reserved 1818624K, committed 8192K, used 4096K [0x0000000091000000, 0x0000000100000000)
  region size 1024K, 4 young (4096K), 0 survivors (0K)
 Metaspace       used 5158K, committed 5376K, reserved 1114112K
  class space    used 644K, committed 768K, reserved 1048576K
}
Event: 0.663 GC heap after
{Heap after GC invocations=1 (full 0):
 garbage-first heap   total reserved 1818624K, committed 8192K, used 1568K [0x0000000091000000, 0x0000000100000000)
  region size 1024K, 1 young (1024K), 1 survivors (1024K)
 Metaspace       used 5158K, committed 5376K, reserved 1114112K
  class space    used 644K, committed 768K, reserved 1048576K
}
Event: 0.998 GC heap before
{Heap before GC invocations=1 (full 0):
 garbage-first heap   total reserved 1818624K, committed 8192K, used 3616K [0x0000000091000000, 0x0000000100000000)
  region size 1024K, 3 young (3072K), 1 survivors (1024K)
 Metaspace       used 7622K, committed 7744K, reserved 1114112K
  class space    used 878K, committed 960K, reserved 1048576K
}
Event: 1.006 GC heap after
{Heap after GC invocations=2 (full 0):
 garbage-first heap   total reserved 1818624K, committed 8192K, used 2710K [0x0000000091000000, 0x0000000100000000)
  region size 1024K, 1 young (1024K), 1 survivors (1024K)
 Metaspace       used 7622K, committed 7744K, reserved 1114112K
  class space    used 878K, committed 960K, reserved 1048576K
}
Event: 1.238 GC heap before
{Heap before GC invocations=2 (full 0):
 garbage-first heap   total reserved 1818624K, committed 8192K, used 4758K [0x0000000091000000, 0x0000000100000000)
  region size 1024K, 3 young (3072K), 1 survivors (1024K)
 Metaspace       used 8069K, committed 8256K, reserved 1114112K
  class space    used 930K, committed 1024K, reserved 1048576K
}
Event: 1.244 GC heap after
{Heap after GC invocations=3 (full 0):
 garbage-first heap   total reserved 1818624K, committed 8192K, used 3300K [0x0000000091000000, 0x0000000100000000)
  region size 1024K, 1 young (1024K), 1 survivors (1024K)
 Metaspace       used 8069K, committed 8256K, reserved 1114112K
  class space    used 930K, committed 1024K, reserved 1048576K
}
Event: 1.561 GC heap before
{Heap before GC invocations=3 (full 0):
 garbage-first heap   total reserved 1818624K, committed 8192K, used 5348K [0x0000000091000000, 0x0000000100000000)
  region size 1024K, 3 young (3072K), 1 survivors (1024K)
 Metaspace       used 8649K, committed 8832K, reserved 1114112K
  class space    used 1000K, committed 1088K, reserved 1048576K
}
Event: 1.567 GC heap after
{Heap after GC invocations=4 (full 0):
 garbage-first heap   total reserved 1818624K, committed 8192K, used 4502K [0x0000000091000000, 0x0000000100000000)
  region size 1024K, 1 young (1024K), 1 survivors (1024K)
 Metaspace       used 8649K, committed 8832K, reserved 1114112K
  class space    used 1000K, committed 1088K, reserved 1048576K
}
Event: 1.682 GC heap before
{Heap before GC invocations=4 (full 0):
 garbage-first heap   total reserved 1818624K, committed 8192K, used 5526K [0x0000000091000000, 0x0000000100000000)
  region size 1024K, 2 young (2048K), 1 survivors (1024K)
 Metaspace       used 8860K, committed 8960K, reserved 1114112K
  class space    used 1023K, committed 1088K, reserved 1048576K
}
Event: 1.686 GC heap after
{Heap after GC invocations=5 (full 0):
 garbage-first heap   total reserved 1818624K, committed 10240K, used 4670K [0x0000000091000000, 0x0000000100000000)
  region size 1024K, 1 young (1024K), 1 survivors (1024K)
 Metaspace       used 8860K, committed 8960K, reserved 1114112K
  class space    used 1023K, committed 1088K, reserved 1048576K
}
Event: 1.723 GC heap before
{Heap before GC invocations=6 (full 0):
 garbage-first heap   total reserved 1818624K, committed 10240K, used 6718K [0x0000000091000000, 0x0000000100000000)
  region size 1024K, 3 young (3072K), 1 survivors (1024K)
 Metaspace       used 8881K, committed 9024K, reserved 1114112K
  class space    used 1023K, committed 1088K, reserved 1048576K
}
Event: 1.726 GC heap after
{Heap after GC invocations=7 (full 0):
 garbage-first heap   total reserved 1818624K, committed 10240K, used 4885K [0x0000000091000000, 0x0000000100000000)
  region size 1024K, 1 young (1024K), 1 survivors (1024K)
 Metaspace       used 8881K, committed 9024K, reserved 1114112K
  class space    used 1023K, committed 1088K, reserved 1048576K
}
Event: 1.795 GC heap before
{Heap before GC invocations=7 (full 0):
 garbage-first heap   total reserved 1818624K, committed 10240K, used 6933K [0x0000000091000000, 0x0000000100000000)
  region size 1024K, 3 young (3072K), 1 survivors (1024K)
 Metaspace       used 8957K, committed 9152K, reserved 1114112K
  class space    used 1031K, committed 1088K, reserved 1048576K
}
Event: 1.798 GC heap after
{Heap after GC invocations=8 (full 0):
 garbage-first heap   total reserved 1818624K, committed 10240K, used 5177K [0x0000000091000000, 0x0000000100000000)
  region size 1024K, 1 young (1024K), 1 survivors (1024K)
 Metaspace       used 8957K, committed 9152K, reserved 1114112K
  class space    used 1031K, committed 1088K, reserved 1048576K
}
Event: 1.819 GC heap before
{Heap before GC invocations=9 (full 0):
 garbage-first heap   total reserved 1818624K, committed 10240K, used 7225K [0x0000000091000000, 0x0000000100000000)
  region size 1024K, 3 young (3072K), 1 survivors (1024K)
 Metaspace       used 8975K, committed 9152K, reserved 1114112K
  class space    used 1031K, committed 1088K, reserved 1048576K
}
Event: 1.821 GC heap after
{Heap after GC invocations=10 (full 0):
 garbage-first heap   total reserved 1818624K, committed 10240K, used 5467K [0x0000000091000000, 0x0000000100000000)
  region size 1024K, 1 young (1024K), 1 survivors (1024K)
 Metaspace       used 8975K, committed 9152K, reserved 1114112K
  class space    used 1031K, committed 1088K, reserved 1048576K
}
Event: 1.885 GC heap before
{Heap before GC invocations=10 (full 0):
 garbage-first heap   total reserved 1818624K, committed 10240K, used 7515K [0x0000000091000000, 0x0000000100000000)
  region size 1024K, 3 young (3072K), 1 survivors (1024K)
 Metaspace       used 9056K, committed 9216K, reserved 1114112K
  class space    used 1042K, committed 1088K, reserved 1048576K
}
Event: 1.889 GC heap after
{Heap after GC invocations=11 (full 0):
 garbage-first heap   total reserved 1818624K, committed 20480K, used 5846K [0x0000000091000000, 0x0000000100000000)
  region size 1024K, 1 young (1024K), 1 survivors (1024K)
 Metaspace       used 9056K, committed 9216K, reserved 1114112K
  class space    used 1042K, committed 1088K, reserved 1048576K
}
Event: 2.007 GC heap before
{Heap before GC invocations=12 (full 0):
 garbage-first heap   total reserved 1818624K, committed 20480K, used 15062K [0x0000000091000000, 0x0000000100000000)
  region size 1024K, 10 young (10240K), 1 survivors (1024K)
 Metaspace       used 9085K, committed 9216K, reserved 1114112K
  class space    used 1043K, committed 1088K, reserved 1048576K
}
Event: 2.015 GC heap after
{Heap after GC invocations=13 (full 0):
 garbage-first heap   total reserved 1818624K, committed 20480K, used 7159K [0x0000000091000000, 0x0000000100000000)
  region size 1024K, 2 young (2048K), 2 survivors (2048K)
 Metaspace       used 9085K, committed 9216K, reserved 1114112K
  class space    used 1043K, committed 1088K, reserved 1048576K
}

Dll operation events (6 events):
Event: 0.019 Loaded shared library C:\Program Files\Java\jdk-22\bin\java.dll
Event: 0.078 Loaded shared library C:\Program Files\Java\jdk-22\bin\jsvml.dll
Event: 0.152 Loaded shared library C:\Program Files\Java\jdk-22\bin\jimage.dll
Event: 0.311 Loaded shared library C:\Program Files\Java\jdk-22\bin\net.dll
Event: 0.315 Loaded shared library C:\Program Files\Java\jdk-22\bin\nio.dll
Event: 0.387 Loaded shared library C:\Program Files\Java\jdk-22\bin\zip.dll

Deoptimization events (20 events):
Event: 1.559 Thread 0x000001c1a26ba5a0 Uncommon trap: trap_request=0xffffffc6 fr.pc=0x000001c1b46fe248 relative=0x0000000000000368
Event: 1.559 Thread 0x000001c1a26ba5a0 Uncommon trap: reason=bimorphic_or_optimized_type_check action=maybe_recompile pc=0x000001c1b46fe248 method=java.util.HashMap.getNode(Ljava/lang/Object;)Ljava/util/HashMap$Node; @ 128 c2
Event: 1.559 Thread 0x000001c1a26ba5a0 DEOPT PACKING pc=0x000001c1b46fe248 sp=0x0000008b7d2fdc80
Event: 1.559 Thread 0x000001c1a26ba5a0 DEOPT UNPACKING pc=0x000001c1b41646a2 sp=0x0000008b7d2fdbe8 mode 2
Event: 1.559 Thread 0x000001c1a26ba5a0 Uncommon trap: trap_request=0xffffffc6 fr.pc=0x000001c1b46fe248 relative=0x0000000000000368
Event: 1.559 Thread 0x000001c1a26ba5a0 Uncommon trap: reason=bimorphic_or_optimized_type_check action=maybe_recompile pc=0x000001c1b46fe248 method=java.util.HashMap.getNode(Ljava/lang/Object;)Ljava/util/HashMap$Node; @ 128 c2
Event: 1.559 Thread 0x000001c1a26ba5a0 DEOPT PACKING pc=0x000001c1b46fe248 sp=0x0000008b7d2fdc80
Event: 1.559 Thread 0x000001c1a26ba5a0 DEOPT UNPACKING pc=0x000001c1b41646a2 sp=0x0000008b7d2fdbe8 mode 2
Event: 1.899 Thread 0x000001c1a26ba5a0 DEOPT PACKING pc=0x000001c1ace03140 sp=0x0000008b7d2fd680
Event: 1.899 Thread 0x000001c1a26ba5a0 DEOPT UNPACKING pc=0x000001c1b4164e42 sp=0x0000008b7d2fcb70 mode 0
Event: 1.902 Thread 0x000001c1a26ba5a0 DEOPT PACKING pc=0x000001c1ace03140 sp=0x0000008b7d2fd6b0
Event: 1.902 Thread 0x000001c1a26ba5a0 DEOPT UNPACKING pc=0x000001c1b4164e42 sp=0x0000008b7d2fcba0 mode 0
Event: 1.903 Thread 0x000001c1a26ba5a0 DEOPT PACKING pc=0x000001c1ace03140 sp=0x0000008b7d2fd6d0
Event: 1.903 Thread 0x000001c1a26ba5a0 DEOPT UNPACKING pc=0x000001c1b4164e42 sp=0x0000008b7d2fcbc0 mode 0
Event: 1.904 Thread 0x000001c1a26ba5a0 DEOPT PACKING pc=0x000001c1ace03140 sp=0x0000008b7d2fd6d0
Event: 1.904 Thread 0x000001c1a26ba5a0 DEOPT UNPACKING pc=0x000001c1b4164e42 sp=0x0000008b7d2fcbc0 mode 0
Event: 1.910 Thread 0x000001c1a26ba5a0 DEOPT PACKING pc=0x000001c1ace03140 sp=0x0000008b7d2fdd00
Event: 1.910 Thread 0x000001c1a26ba5a0 DEOPT UNPACKING pc=0x000001c1b4164e42 sp=0x0000008b7d2fd1f0 mode 0
Event: 1.913 Thread 0x000001c1a26ba5a0 DEOPT PACKING pc=0x000001c1ace03140 sp=0x0000008b7d2fdd30
Event: 1.913 Thread 0x000001c1a26ba5a0 DEOPT UNPACKING pc=0x000001c1b4164e42 sp=0x0000008b7d2fd220 mode 0

Classes loaded (20 events):
Event: 1.621 Loading class sun/nio/fs/WindowsDirectoryStream
Event: 1.621 Loading class sun/nio/fs/WindowsDirectoryStream done
Event: 1.622 Loading class sun/nio/fs/WindowsDirectoryStream$WindowsDirectoryIterator
Event: 1.622 Loading class sun/nio/fs/WindowsDirectoryStream$WindowsDirectoryIterator done
Event: 1.622 Loading class java/nio/file/Files$2
Event: 1.622 Loading class java/nio/file/Files$2 done
Event: 1.623 Loading class java/util/ImmutableCollections$Access
Event: 1.624 Loading class java/util/ImmutableCollections$Access done
Event: 1.625 Loading class java/util/ImmutableCollections$Access$1
Event: 1.625 Loading class jdk/internal/access/JavaUtilCollectionAccess
Event: 1.625 Loading class jdk/internal/access/JavaUtilCollectionAccess done
Event: 1.625 Loading class java/util/ImmutableCollections$Access$1 done
Event: 1.627 Loading class java/util/stream/Nodes$SpinedNodeBuilder
Event: 1.627 Loading class java/util/stream/Nodes$SpinedNodeBuilder done
Event: 1.628 Loading class sun/nio/fs/WindowsPath$WindowsPathWithAttributes
Event: 1.628 Loading class sun/nio/fs/WindowsPath$WindowsPathWithAttributes done
Event: 1.787 Loading class java/lang/invoke/MethodHandle$1
Event: 1.788 Loading class java/lang/invoke/MethodHandle$1 done
Event: 2.027 Loading class java/util/LinkedList$Node
Event: 2.061 Loading class java/util/LinkedList$Node done

Classes unloaded (0 events):
No events

Classes redefined (0 events):
No events

Internal exceptions (20 events):
Event: 0.397 Thread 0x000001c1a26ba5a0 Exception <a 'sun/nio/fs/WindowsException'{0x00000000915bc850}> (0x00000000915bc850) 
thrown [s\open\src\hotspot\share\prims\jni.cpp, line 520]
Event: 0.399 Thread 0x000001c1a26ba5a0 Exception <a 'java/lang/NoSuchMethodError'{0x00000000915c0990}: 'int java.lang.invoke.DirectMethodHandle$Holder.invokeVirtual(java.lang.Object, java.lang.Object, java.lang.Object)'> (0x00000000915c0990) 
thrown [s\open\src\hotspot\share\interpreter\linkResolver.cpp, line 774]
Event: 0.400 Thread 0x000001c1a26ba5a0 Exception <a 'java/lang/NoSuchMethodError'{0x00000000915c6990}: 'void java.lang.invoke.DirectMethodHandle$Holder.invokeInterface(java.lang.Object, java.lang.Object, java.lang.Object)'> (0x00000000915c6990) 
thrown [s\open\src\hotspot\share\interpreter\linkResolver.cpp, line 774]
Event: 0.550 Thread 0x000001c1a26ba5a0 Exception <a 'java/lang/NoSuchMethodError'{0x00000000914b5578}: 'int java.lang.invoke.DirectMethodHandle$Holder.invokeStaticInit(java.lang.Object, java.lang.Object)'> (0x00000000914b5578) 
thrown [s\open\src\hotspot\share\interpreter\linkResolver.cpp, line 774]
Event: 0.762 Thread 0x000001c1a26ba5a0 Exception <a 'java/lang/NoSuchMethodError'{0x0000000091780560}: 'int java.lang.invoke.DirectMethodHandle$Holder.invokeVirtual(java.lang.Object, java.lang.Object)'> (0x0000000091780560) 
thrown [s\open\src\hotspot\share\interpreter\linkResolver.cpp, line 774]
Event: 0.779 Thread 0x000001c1a26ba5a0 Exception <a 'java/lang/NoSuchMethodError'{0x00000000917a2c50}: 'java.lang.Object java.lang.invoke.DirectMethodHandle$Holder.newInvokeSpecial(java.lang.Object, java.lang.Object, java.lang.Object, java.lang.Object, java.lang.Object)'> (0x00000000917a2c50) 
thrown [s\open\src\hotspot\share\interpreter\linkResolver.cpp, line 774]
Event: 0.784 Thread 0x000001c1a26ba5a0 Exception <a 'java/lang/NoSuchMethodError'{0x00000000917b03a0}: 'java.lang.Object java.lang.invoke.DirectMethodHandle$Holder.newInvokeSpecial(java.lang.Object, java.lang.Object, java.lang.Object, java.lang.Object, java.lang.Object, java.lang.Object)'> (0x00000000917b03a0) 
thrown [s\open\src\hotspot\share\interpreter\linkResolver.cpp, line 774]
Event: 0.828 Thread 0x000001c1a26ba5a0 Exception <a 'sun/nio/fs/WindowsException'{0x0000000091601a60}> (0x0000000091601a60) 
thrown [s\open\src\hotspot\share\prims\jni.cpp, line 520]
Event: 1.052 Thread 0x000001c1a26ba5a0 Exception <a 'sun/nio/fs/WindowsException'{0x0000000091731eb0}> (0x0000000091731eb0) 
thrown [s\open\src\hotspot\share\prims\jni.cpp, line 520]
Event: 1.053 Thread 0x000001c1a26ba5a0 Exception <a 'sun/nio/fs/WindowsException'{0x00000000917749f8}> (0x00000000917749f8) 
thrown [s\open\src\hotspot\share\prims\jni.cpp, line 520]
Event: 1.162 Thread 0x000001c1a26ba5a0 Exception <a 'java/lang/NoSuchMethodError'{0x00000000916392c0}: 'java.lang.Object java.lang.invoke.DirectMethodHandle$Holder.invokeSpecial(java.lang.Object, java.lang.Object, java.lang.Object, int, int)'> (0x00000000916392c0) 
thrown [s\open\src\hotspot\share\interpreter\linkResolver.cpp, line 774]
Event: 1.165 Thread 0x000001c1a26ba5a0 Exception <a 'java/lang/NoSuchMethodError'{0x0000000091643ab8}: 'java.lang.Object java.lang.invoke.DirectMethodHandle$Holder.invokeVirtual(java.lang.Object, java.lang.Object, int)'> (0x0000000091643ab8) 
thrown [s\open\src\hotspot\share\interpreter\linkResolver.cpp, line 774]
Event: 1.612 Thread 0x000001c1a26ba5a0 Exception <a 'java/lang/NoSuchMethodError'{0x000000009177a030}: 'void java.lang.invoke.DirectMethodHandle$Holder.invokeStatic(java.lang.Object, java.lang.Object)'> (0x000000009177a030) 
thrown [s\open\src\hotspot\share\interpreter\linkResolver.cpp, line 774]
Event: 1.777 Thread 0x000001c1a26ba5a0 Exception <a 'java/lang/NoSuchMethodError'{0x00000000918cda38}: 'int java.lang.invoke.DirectMethodHandle$Holder.invokeSpecial(java.lang.Object, java.lang.Object, java.lang.Object)'> (0x00000000918cda38) 
thrown [s\open\src\hotspot\share\interpreter\linkResolver.cpp, line 774]
Event: 1.785 Thread 0x000001c1a26ba5a0 Exception <a 'sun/nio/fs/WindowsException'{0x00000000918d7300}> (0x00000000918d7300) 
thrown [s\open\src\hotspot\share\prims\jni.cpp, line 520]
Event: 1.785 Thread 0x000001c1a26ba5a0 Exception <a 'sun/nio/fs/WindowsException'{0x00000000918d7e78}> (0x00000000918d7e78) 
thrown [s\open\src\hotspot\share\prims\jni.cpp, line 520]
Event: 1.837 Thread 0x000001c1a26ba5a0 Exception <a 'java/lang/NoSuchMethodError'{0x00000000919d2c20}: 'java.lang.Object java.lang.invoke.DirectMethodHandle$Holder.invokeVirtual(java.lang.Object, java.lang.Object, java.lang.Object, int, int)'> (0x00000000919d2c20) 
thrown [s\open\src\hotspot\share\interpreter\linkResolver.cpp, line 774]
Event: 1.884 Thread 0x000001c1a26ba5a0 Exception <a 'sun/nio/fs/WindowsException'{0x00000000918ba6c0}> (0x00000000918ba6c0) 
thrown [s\open\src\hotspot\share\prims\jni.cpp, line 520]
Event: 1.884 Thread 0x000001c1a26ba5a0 Exception <a 'sun/nio/fs/WindowsException'{0x00000000918bb238}> (0x00000000918bb238) 
thrown [s\open\src\hotspot\share\prims\jni.cpp, line 520]
Event: 2.068 Thread 0x000001c1a26ba5a0 Exception <a 'java/lang/NoSuchMethodError'{0x0000000092190318}: 'java.lang.Object java.lang.invoke.DirectMethodHandle$Holder.invokeInterface(java.lang.Object, java.lang.Object)'> (0x0000000092190318) 
thrown [s\open\src\hotspot\share\interpreter\linkResolver.cpp, line 774]

ZGC Phase Switch (0 events):
No events

VM Operations (20 events):
Event: 1.697 Executing VM operation: G1PauseCleanup
Event: 1.697 Executing VM operation: G1PauseCleanup done
Event: 1.723 Executing VM operation: G1CollectForAllocation (G1 Evacuation Pause)
Event: 1.726 Executing VM operation: G1CollectForAllocation (G1 Evacuation Pause) done
Event: 1.795 Executing VM operation: G1CollectForAllocation (G1 Evacuation Pause)
Event: 1.798 Executing VM operation: G1CollectForAllocation (G1 Evacuation Pause) done
Event: 1.806 Executing VM operation: G1PauseRemark
Event: 1.810 Executing VM operation: G1PauseRemark done
Event: 1.812 Executing VM operation: G1PauseCleanup
Event: 1.813 Executing VM operation: G1PauseCleanup done
Event: 1.819 Executing VM operation: G1CollectForAllocation (G1 Evacuation Pause)
Event: 1.821 Executing VM operation: G1CollectForAllocation (G1 Evacuation Pause) done
Event: 1.885 Executing VM operation: G1CollectForAllocation (G1 Evacuation Pause)
Event: 1.889 Executing VM operation: G1CollectForAllocation (G1 Evacuation Pause) done
Event: 1.899 Executing VM operation: G1PauseRemark
Event: 1.901 Executing VM operation: G1PauseRemark done
Event: 1.902 Executing VM operation: G1PauseCleanup
Event: 1.902 Executing VM operation: G1PauseCleanup done
Event: 2.006 Executing VM operation: G1CollectForAllocation (G1 Evacuation Pause)
Event: 2.015 Executing VM operation: G1CollectForAllocation (G1 Evacuation Pause) done

Events (20 events):
Event: 1.810 Thread 0x000001c1a4953100 flushing nmethod 0x000001c1acdaf290
Event: 1.810 Thread 0x000001c1a4953100 flushing nmethod 0x000001c1acdb2f90
Event: 1.901 Thread 0x000001c1a4953100 flushing nmethod 0x000001c1acbf7d10
Event: 1.901 Thread 0x000001c1a4953100 flushing nmethod 0x000001c1acc17e10
Event: 1.901 Thread 0x000001c1a4953100 flushing nmethod 0x000001c1acc4a390
Event: 1.901 Thread 0x000001c1a4953100 flushing nmethod 0x000001c1acd1bd90
Event: 1.901 Thread 0x000001c1a4953100 flushing nmethod 0x000001c1acd1d510
Event: 1.901 Thread 0x000001c1a4953100 flushing nmethod 0x000001c1acdf7210
Event: 1.901 Thread 0x000001c1a4953100 flushing nmethod 0x000001c1acdf7810
Event: 1.901 Thread 0x000001c1a4953100 flushing nmethod 0x000001c1acdf8c90
Event: 1.901 Thread 0x000001c1a4953100 flushing nmethod 0x000001c1acbfac10
Event: 1.901 Thread 0x000001c1a4953100 flushing nmethod 0x000001c1acc09590
Event: 1.901 Thread 0x000001c1a4953100 flushing nmethod 0x000001c1acc1cb90
Event: 1.901 Thread 0x000001c1a4953100 flushing nmethod 0x000001c1acd36b10
Event: 1.901 Thread 0x000001c1a4953100 flushing nmethod 0x000001c1acd37a10
Event: 1.901 Thread 0x000001c1a4953100 flushing nmethod 0x000001c1acd3af90
Event: 1.901 Thread 0x000001c1a4953100 flushing nmethod 0x000001c1acd3e310
Event: 1.901 Thread 0x000001c1a4953100 flushing nmethod 0x000001c1acd3e690
Event: 1.901 Thread 0x000001c1a4953100 flushing nmethod 0x000001c1acdb7410
Event: 1.901 Thread 0x000001c1a4953100 flushing nmethod 0x000001c1acdbba90


Dynamic libraries:
0x00007ff6031e0000 - 0x00007ff6031e8000 	C:\Program Files\Java\jdk-22\bin\javac.exe
0x00007ffd55950000 - 0x00007ffd55b67000 	C:\Windows\SYSTEM32\ntdll.dll
0x00007ffd55070000 - 0x00007ffd55134000 	C:\Windows\System32\KERNEL32.DLL
0x00007ffd53000000 - 0x00007ffd533b7000 	C:\Windows\System32\KERNELBASE.dll
0x00007ffd52cd0000 - 0x00007ffd52de1000 	C:\Windows\System32\ucrtbase.dll
0x00007ffd42350000 - 0x00007ffd42367000 	C:\Program Files\Java\jdk-22\bin\jli.dll
0x00007ffd538c0000 - 0x00007ffd53972000 	C:\Windows\System32\ADVAPI32.dll
0x00007ffd539d0000 - 0x00007ffd53a77000 	C:\Windows\System32\msvcrt.dll
0x00007ffd55730000 - 0x00007ffd557d8000 	C:\Windows\System32\sechost.dll
0x00007ffd533c0000 - 0x00007ffd533e8000 	C:\Windows\System32\bcrypt.dll
0x00007ffd53730000 - 0x00007ffd53844000 	C:\Windows\System32\RPCRT4.dll
0x00007ffd542d0000 - 0x00007ffd5447f000 	C:\Windows\System32\USER32.dll
0x00007ffd53470000 - 0x00007ffd53496000 	C:\Windows\System32\win32u.dll
0x00007ffd557e0000 - 0x00007ffd55809000 	C:\Windows\System32\GDI32.dll
0x00007ffd534a0000 - 0x00007ffd535b8000 	C:\Windows\System32\gdi32full.dll
0x00007ffd52df0000 - 0x00007ffd52e8a000 	C:\Windows\System32\msvcp_win.dll
0x00007ffd4d1e0000 - 0x00007ffd4d1fb000 	C:\Program Files\Java\jdk-22\bin\VCRUNTIME140.dll
0x00007ffd33cc0000 - 0x00007ffd33f53000 	C:\Windows\WinSxS\amd64_microsoft.windows.common-controls_6595b64144ccf1df_6.0.22621.3672_none_2713b9d173822955\COMCTL32.dll
0x00007ffd4a050000 - 0x00007ffd4a05a000 	C:\Windows\SYSTEM32\VERSION.dll
0x00007ffd55140000 - 0x00007ffd55171000 	C:\Windows\System32\IMM32.DLL
0x00007ffd4d2f0000 - 0x00007ffd4d2fc000 	C:\Program Files\Java\jdk-22\bin\vcruntime140_1.dll
0x00007ffd1bff0000 - 0x00007ffd1c07e000 	C:\Program Files\Java\jdk-22\bin\msvcp140.dll
0x00007ffcda8a0000 - 0x00007ffcdb5e7000 	C:\Program Files\Java\jdk-22\bin\server\jvm.dll
0x00007ffd54250000 - 0x00007ffd542c1000 	C:\Windows\System32\WS2_32.dll
0x00007ffd52b30000 - 0x00007ffd52b7d000 	C:\Windows\SYSTEM32\POWRPROF.dll
0x00007ffd4ed60000 - 0x00007ffd4ed94000 	C:\Windows\SYSTEM32\WINMM.dll
0x00007ffd52b10000 - 0x00007ffd52b23000 	C:\Windows\SYSTEM32\UMPDC.dll
0x00007ffd51c10000 - 0x00007ffd51c28000 	C:\Windows\SYSTEM32\kernel.appcore.dll
0x00007ffd4a8c0000 - 0x00007ffd4a8ca000 	C:\Program Files\Java\jdk-22\bin\jimage.dll
0x00007ffd502b0000 - 0x00007ffd504e2000 	C:\Windows\SYSTEM32\DBGHELP.DLL
0x00007ffd55310000 - 0x00007ffd5569e000 	C:\Windows\System32\combase.dll
0x00007ffd54f90000 - 0x00007ffd55067000 	C:\Windows\System32\OLEAUT32.dll
0x00007ffd3b670000 - 0x00007ffd3b6a2000 	C:\Windows\SYSTEM32\dbgcore.DLL
0x00007ffd533f0000 - 0x00007ffd5346b000 	C:\Windows\System32\bcryptPrimitives.dll
0x00007ffd42690000 - 0x00007ffd426ae000 	C:\Program Files\Java\jdk-22\bin\java.dll
0x00007ffd54690000 - 0x00007ffd54ef9000 	C:\Windows\System32\SHELL32.dll
0x00007ffd54480000 - 0x00007ffd54625000 	C:\Windows\System32\ole32.dll
0x00007ffd50b80000 - 0x00007ffd5147f000 	C:\Windows\SYSTEM32\windows.storage.dll
0x00007ffd50a40000 - 0x00007ffd50b7f000 	C:\Windows\SYSTEM32\wintypes.dll
0x00007ffd55810000 - 0x00007ffd55909000 	C:\Windows\System32\SHCORE.dll
0x00007ffd54f20000 - 0x00007ffd54f7e000 	C:\Windows\System32\shlwapi.dll
0x00007ffd52b90000 - 0x00007ffd52bb7000 	C:\Windows\SYSTEM32\profapi.dll
0x00007ffcf8000000 - 0x00007ffcf80d7000 	C:\Program Files\Java\jdk-22\bin\jsvml.dll
0x00007ffd434d0000 - 0x00007ffd434e0000 	C:\Program Files\Java\jdk-22\bin\net.dll
0x00007ffd520d0000 - 0x00007ffd52139000 	C:\Windows\system32\mswsock.dll
0x00007ffd42510000 - 0x00007ffd42526000 	C:\Program Files\Java\jdk-22\bin\nio.dll
0x00007ffd424b0000 - 0x00007ffd424c7000 	C:\Program Files\Java\jdk-22\bin\zip.dll

dbghelp: loaded successfully - version: 4.0.5 - missing functions: none
symbol engine: initialized successfully - sym options: 0x614 - pdb path: .;C:\Program Files\Java\jdk-22\bin;C:\Windows\SYSTEM32;C:\Windows\WinSxS\amd64_microsoft.windows.common-controls_6595b64144ccf1df_6.0.22621.3672_none_2713b9d173822955;C:\Program Files\Java\jdk-22\bin\server

VM Arguments:
jvm_args: -Dapplication.home=C:\Program Files\Java\jdk-22 --add-modules=ALL-DEFAULT -Xms8m -Djdk.module.main=jdk.compiler 
java_command: jdk.compiler/com.sun.tools.javac.Main -d C:\Users\brigi\OneDrive\Escritorio\OrdenandingProyecto\ProyectoAsistenciaUNFV\ProyectoAsistencia\build\classes -classpath C:\Users\brigi\OneDrive\Escritorio\OrdenandingProyecto\ProyectoAsistenciaUNFV\ProyectoAsistencia\build\classes;C:\Users\brigi\OneDrive\Escritorio\PROYECTODEPROGRAMAPLICADA\mysql-connector-j-9.1.0\mysql-connector-j-9.1.0.jar -sourcepath C:\Users\brigi\OneDrive\Escritorio\OrdenandingProyecto\ProyectoAsistenciaUNFV\ProyectoAsistencia\src -target 22 -encoding UTF-8 -g -Xlint:unchecked -processorpath C:\Users\brigi\OneDrive\Escritorio\PROYECTODEPROGRAMAPLICADA\mysql-connector-j-9.1.0\mysql-connector-j-9.1.0.jar;C:\Users\brigi\OneDrive\Escritorio\OrdenandingProyecto\ProyectoAsistenciaUNFV\ProyectoAsistencia\build\empty -s C:\Users\brigi\OneDrive\Escritorio\OrdenandingProyecto\ProyectoAsistenciaUNFV\ProyectoAsistencia\build\generated-sources\ap-source-output -source 22 C:\Users\brigi\OneDrive\Escritorio\OrdenandingProyecto\ProyectoAsistenciaUNFV\ProyectoAsistencia\src\View\Ventana01RegsitrosDeUsuarios.java
java_class_path (initial): <not set>
Launcher Type: SUN_STANDARD

[Global flags]
     intx CICompilerCount                          = 4                                         {product} {ergonomic}
     uint ConcGCThreads                            = 2                                         {product} {ergonomic}
     uint G1ConcRefinementThreads                  = 8                                         {product} {ergonomic}
   size_t G1HeapRegionSize                         = 1048576                                   {product} {ergonomic}
   size_t InitialHeapSize                          = 8388608                                   {product} {command line}
   size_t MarkStackSize                            = 4194304                                   {product} {ergonomic}
   size_t MaxHeapSize                              = 1862270976                                {product} {ergonomic}
   size_t MaxNewSize                               = 1116733440                                {product} {ergonomic}
   size_t MinHeapDeltaBytes                        = 1048576                                   {product} {ergonomic}
   size_t MinHeapSize                              = 8388608                                   {product} {command line}
    uintx NonNMethodCodeHeapSize                   = 5839372                                {pd product} {ergonomic}
    uintx NonProfiledCodeHeapSize                  = 122909434                              {pd product} {ergonomic}
    uintx ProfiledCodeHeapSize                     = 122909434                              {pd product} {ergonomic}
    uintx ReservedCodeCacheSize                    = 251658240                              {pd product} {ergonomic}
     bool SegmentedCodeCache                       = true                                      {product} {ergonomic}
   size_t SoftMaxHeapSize                          = 1862270976                             {manageable} {ergonomic}
     bool UseCompressedOops                        = true                           {product lp64_product} {ergonomic}
     bool UseG1GC                                  = true                                      {product} {ergonomic}
     bool UseLargePagesIndividualAllocation        = false                                  {pd product} {ergonomic}

Logging:
Log output configuration:
 #0: stdout all=warning uptime,level,tags foldmultilines=false
 #1: stderr all=off uptime,level,tags foldmultilines=false

Environment Variables:
PATH=C:\Program Files\Common Files\Oracle\Java\javapath;C:\Program Files\Eclipse Adoptium\jdk-8.0.412.8-hotspot\bin;C:\Program Files\Eclipse Adoptium\jdk-11.0.23.9-hotspot\bin;C:\Windows\system32;C:\Windows;C:\Windows\System32\Wbem;C:\Windows\System32\WindowsPowerShell\v1.0\;C:\Windows\System32\OpenSSH\;C:\Program Files\Git\cmd;C:\Program Files\nodejs\;C:\Program Files\PowerShell\7\;C:\ProgramData\chocolatey\bin;C:\Program Files\dotnet\;C:\Users\brigi\AppData\Local\Programs\Python\Python312\Scripts\;C:\Users\brigi\AppData\Local\Programs\Python\Python312\;C:\Users\brigi\AppData\Local\Programs\Python\Launcher\;C:\Users\brigi\AppData\Local\Microsoft\WindowsApps;C:\Users\brigi\AppData\Roaming\Microsoft\Windows\Start Menu\Programs;C:\Users\brigi\AppData\Roaming\Microsoft\Windows\Start Menu\Programs\Python 3.12;C:\Users\brigi\AppData\Local\Programs\Microsoft VS Code\bin;C:\Users\brigi\AppData\Roaming\npm;C:\Program Files\MySQL\MySQL Server 8.0\bin;C:\Users\brigi\.dotnet\tools;D:\PyCharm 2024.2.1\bin;
USERNAME=brigi
OS=Windows_NT
PROCESSOR_IDENTIFIER=AMD64 Family 23 Model 24 Stepping 1, AuthenticAMD
TMP=C:\Users\brigi\AppData\Local\Temp
TEMP=C:\Users\brigi\AppData\Local\Temp




Periodic native trim disabled

---------------  S Y S T E M  ---------------

OS:
 Windows 11 , 64 bit Build 22621 (10.0.22621.3958)
OS uptime: 13 days 8:31 hours
Hyper-V role detected

CPU: total 8 (initial active 8) (8 cores per cpu, 2 threads per core) family 23 model 24 stepping 1 microcode 0x0, cx8, cmov, fxsr, ht, mmx, 3dnowpref, sse, sse2, sse3, ssse3, sse4a, sse4.1, sse4.2, popcnt, lzcnt, tsc, tscinvbit, avx, avx2, aes, clmul, bmi1, bmi2, adx, sha, fma, vzeroupper, clflush, clflushopt, hv, rdtscp, f16c
Processor Information for all 8 processors :
  Max Mhz: 2300, Current Mhz: 2300, Mhz Limit: 2300

Memory: 4k page, system-wide physical 7103M (389M free)
TotalPageFile size 28607M (AvailPageFile size 5M)
current process WorkingSet (physical memory assigned to process): 101M, peak: 101M
current process commit charge ("private bytes"): 132M, peak: 132M

vm_info: Java HotSpot(TM) 64-Bit Server VM (22.0.1+8-16) for windows-amd64 JRE (22.0.1+8-16), built on 2024-03-12T10:33:16Z by "mach5one" with MS VC++ 17.6 (VS2022)

END.
